Reading netlist file: "C:\git\TangCartMSX\RTL\tangnano20k_vdp_cartridge_rev2_step1\impl\gwsynthesis\tangnano20k_vdp_cartridge_tncart_rev1.vg"
Parsing netlist file "C:\git\TangCartMSX\RTL\tangnano20k_vdp_cartridge_rev2_step1\impl\gwsynthesis\tangnano20k_vdp_cartridge_tncart_rev1.vg" completed
Processing netlist completed
Reading constraint file: "C:\git\TangCartMSX\RTL\tangnano20k_vdp_cartridge_rev2_step1\src\tangnano20k_vdp_cartridge_tncart_rev1.cst"
Physical Constraint parsed completed
Running placement......
[10%] Placement Phase 0 completed
[20%] Placement Phase 1 completed
[30%] Placement Phase 2 completed
[50%] Placement Phase 3 completed
Running routing......
[60%] Routing Phase 0 completed
[70%] Routing Phase 1 completed
[80%] Routing Phase 2 completed
WARN  (PR1014) : Generic routing resource will be used to clock signal 'clk4m_d' by the specified constraint. And then it may lead to the excessive delay or skew
[90%] Routing Phase 3 completed
Running timing analysis......
[95%] Timing analysis completed
Placement and routing completed
Bitstream generation in progress......
Bitstream generation completed
Running power analysis......
[100%] Power analysis completed
Generate file "C:\git\TangCartMSX\RTL\tangnano20k_vdp_cartridge_rev2_step1\impl\pnr\tangnano20k_vdp_cartridge_tncart_rev1.power.html" completed
Generate file "C:\git\TangCartMSX\RTL\tangnano20k_vdp_cartridge_rev2_step1\impl\pnr\tangnano20k_vdp_cartridge_tncart_rev1.pin.html" completed
Generate file "C:\git\TangCartMSX\RTL\tangnano20k_vdp_cartridge_rev2_step1\impl\pnr\tangnano20k_vdp_cartridge_tncart_rev1.rpt.html" completed
Generate file "C:\git\TangCartMSX\RTL\tangnano20k_vdp_cartridge_rev2_step1\impl\pnr\tangnano20k_vdp_cartridge_tncart_rev1.rpt.txt" completed
Generate file "C:\git\TangCartMSX\RTL\tangnano20k_vdp_cartridge_rev2_step1\impl\pnr\tangnano20k_vdp_cartridge_tncart_rev1.tr.html" completed
Sun Dec 28 10:06:58 2025

